{"vars":{"cname":3,"props":{"$myObj":"n","$dontMangleMeVariable2":"o","$dontMangleMeVariable3":"t","$myNumber":"a"}},"props":{"cname":2,"props":{"$myFunction":"n","$dontMangleMeProperty":"o","$dontMangleMeProperty2":"t"}}}